[JavaFX Application Thread] DEBUG edu.ntnu.idi.idatt2003.group18v26.model.Player - Observer added: GameController
[JavaFX Application Thread] DEBUG edu.ntnu.idi.idatt2003.group18v26.model.property.Portfolio - Observer added: GameController
[JavaFX Application Thread] INFO edu.ntnu.idi.idatt2003.group18v26.model.filehandling.CsvStockReader - Reading stocks from file: C:\Users\LucyCiara\Documents\Projects\IDATT2003v26-millions\target\classes\sp500.csv
[JavaFX Application Thread] INFO edu.ntnu.idi.idatt2003.group18v26.model.filehandling.CsvStockReader - Successfully loaded 503 stocks from file
[JavaFX Application Thread] DEBUG edu.ntnu.idi.idatt2003.group18v26.model.property.Exchange - Observer added: GameController
[JavaFX Application Thread] DEBUG edu.ntnu.idi.idatt2003.group18v26.control.GameController - Refreshing portfolio
[JavaFX Application Thread] DEBUG edu.ntnu.idi.idatt2003.group18v26.control.GameController - Clearing shares
[JavaFX Application Thread] DEBUG edu.ntnu.idi.idatt2003.group18v26.control.GameController - Portfolio refreshed
[JavaFX Application Thread] DEBUG edu.ntnu.idi.idatt2003.group18v26.control.GameController - Refreshing stock market
[JavaFX Application Thread] INFO edu.ntnu.idi.idatt2003.group18v26.model.property.Exchange - Buy order: NVDA x2 at week 0
[JavaFX Application Thread] INFO edu.ntnu.idi.idatt2003.group18v26.model.transaction.Purchase - Purchase committed: NVDA x2 for 384.45270
[JavaFX Application Thread] DEBUG edu.ntnu.idi.idatt2003.group18v26.model.Player - Player tes withdrew 384.45270, new balance: 8999999615.54730
[JavaFX Application Thread] DEBUG edu.ntnu.idi.idatt2003.group18v26.model.Player - Notifying observers: money changed to 8999999615.54730
[JavaFX Application Thread] DEBUG edu.ntnu.idi.idatt2003.group18v26.model.property.Portfolio - Adding share to portfolio: NVDA x2
[JavaFX Application Thread] DEBUG edu.ntnu.idi.idatt2003.group18v26.model.property.Portfolio - Notifying observers: Portfolio changed
[JavaFX Application Thread] DEBUG edu.ntnu.idi.idatt2003.group18v26.control.GameController - Was notified by portfolio change
[JavaFX Application Thread] DEBUG edu.ntnu.idi.idatt2003.group18v26.control.GameController - Refreshing portfolio
[JavaFX Application Thread] DEBUG edu.ntnu.idi.idatt2003.group18v26.control.GameController - Clearing shares
[JavaFX Application Thread] DEBUG edu.ntnu.idi.idatt2003.group18v26.control.GameController - Portfolio refreshed
[JavaFX Application Thread] DEBUG edu.ntnu.idi.idatt2003.group18v26.model.transaction.TransactionArchive - Adding transaction to archive: Purchase week 0
[JavaFX Application Thread] INFO edu.ntnu.idi.idatt2003.group18v26.model.property.Exchange - Purchase completed: NVDA x2
[JavaFX Application Thread] DEBUG edu.ntnu.idi.idatt2003.group18v26.model.property.Exchange - Notifying observers: purchase completed - NVDA x2
[JavaFX Application Thread] INFO edu.ntnu.idi.idatt2003.group18v26.model.property.Exchange - Buy order: GOOG x3 at week 0
[JavaFX Application Thread] INFO edu.ntnu.idi.idatt2003.group18v26.model.transaction.Purchase - Purchase committed: GOOG x3 for 939.53430
[JavaFX Application Thread] DEBUG edu.ntnu.idi.idatt2003.group18v26.model.Player - Player tes withdrew 939.53430, new balance: 8999998676.01300
[JavaFX Application Thread] DEBUG edu.ntnu.idi.idatt2003.group18v26.model.Player - Notifying observers: money changed to 8999998676.01300
[JavaFX Application Thread] DEBUG edu.ntnu.idi.idatt2003.group18v26.model.property.Portfolio - Adding share to portfolio: GOOG x3
[JavaFX Application Thread] DEBUG edu.ntnu.idi.idatt2003.group18v26.model.property.Portfolio - Notifying observers: Portfolio changed
[JavaFX Application Thread] DEBUG edu.ntnu.idi.idatt2003.group18v26.control.GameController - Was notified by portfolio change
[JavaFX Application Thread] DEBUG edu.ntnu.idi.idatt2003.group18v26.control.GameController - Refreshing portfolio
[JavaFX Application Thread] DEBUG edu.ntnu.idi.idatt2003.group18v26.control.GameController - Clearing shares
[JavaFX Application Thread] DEBUG edu.ntnu.idi.idatt2003.group18v26.control.GameController - Portfolio refreshed
[JavaFX Application Thread] DEBUG edu.ntnu.idi.idatt2003.group18v26.model.transaction.TransactionArchive - Adding transaction to archive: Purchase week 0
[JavaFX Application Thread] INFO edu.ntnu.idi.idatt2003.group18v26.model.property.Exchange - Purchase completed: GOOG x3
[JavaFX Application Thread] DEBUG edu.ntnu.idi.idatt2003.group18v26.model.property.Exchange - Notifying observers: purchase completed - GOOG x3
